127.0.0.1 - - [25/Jan/2020:10:28:46 +0530] "GET / HTTP/1.1" 404 709
0:0:0:0:0:0:0:1 - - [25/Jan/2020:10:36:31 +0530] "GET /webapp/life-cycle HTTP/1.1" 200 44
0:0:0:0:0:0:0:1 - - [25/Jan/2020:10:36:32 +0530] "GET /favicon.ico HTTP/1.1" 404 720
127.0.0.1 - - [25/Jan/2020:10:37:04 +0530] "GET / HTTP/1.1" 404 709
0:0:0:0:0:0:0:1 - - [25/Jan/2020:10:37:22 +0530] "GET /webapp/forward HTTP/1.1" 200 77
0:0:0:0:0:0:0:1 - - [25/Jan/2020:10:37:39 +0530] "GET /webapp/forward HTTP/1.1" 200 77
0:0:0:0:0:0:0:1 - - [25/Jan/2020:10:37:40 +0530] "GET /webapp/forward HTTP/1.1" 200 77
0:0:0:0:0:0:0:1 - - [25/Jan/2020:10:37:41 +0530] "GET /webapp/forward HTTP/1.1" 200 77
0:0:0:0:0:0:0:1 - - [25/Jan/2020:10:37:41 +0530] "GET /webapp/forward HTTP/1.1" 200 77
0:0:0:0:0:0:0:1 - - [25/Jan/2020:10:37:41 +0530] "GET /webapp/forward HTTP/1.1" 200 77
0:0:0:0:0:0:0:1 - - [25/Jan/2020:10:37:42 +0530] "GET /webapp/forward HTTP/1.1" 200 77
0:0:0:0:0:0:0:1 - - [25/Jan/2020:10:37:42 +0530] "GET /webapp/forward HTTP/1.1" 200 77
0:0:0:0:0:0:0:1 - - [25/Jan/2020:10:37:42 +0530] "GET /webapp/forward HTTP/1.1" 200 77
0:0:0:0:0:0:0:1 - - [25/Jan/2020:10:37:43 +0530] "GET /webapp/forward HTTP/1.1" 200 77
0:0:0:0:0:0:0:1 - - [25/Jan/2020:10:37:43 +0530] "GET /webapp/forward HTTP/1.1" 200 77
127.0.0.1 - - [25/Jan/2020:10:47:29 +0530] "GET / HTTP/1.1" 404 709
127.0.0.1 - - [25/Jan/2020:10:48:02 +0530] "GET / HTTP/1.1" 404 709
0:0:0:0:0:0:0:1 - - [25/Jan/2020:10:48:13 +0530] "GET /webapp/include HTTP/1.1" 200 137
0:0:0:0:0:0:0:1 - - [25/Jan/2020:10:52:56 +0530] "GET /webapp/include HTTP/1.1" 200 137
127.0.0.1 - - [25/Jan/2020:10:53:13 +0530] "GET / HTTP/1.1" 404 709
0:0:0:0:0:0:0:1 - - [25/Jan/2020:10:53:18 +0530] "GET /webapp/include HTTP/1.1" 200 137
127.0.0.1 - - [25/Jan/2020:10:55:29 +0530] "GET / HTTP/1.1" 404 709
0:0:0:0:0:0:0:1 - - [25/Jan/2020:11:01:01 +0530] "GET /webapp/include HTTP/1.1" 500 1382
0:0:0:0:0:0:0:1 - - [25/Jan/2020:11:01:13 +0530] "GET /webapp/forward HTTP/1.1" 200 77
0:0:0:0:0:0:0:1 - - [25/Jan/2020:11:09:51 +0530] "GET /webapp/redirect HTTP/1.1" 404 728
0:0:0:0:0:0:0:1 - - [25/Jan/2020:11:10:00 +0530] "GET /webapp/redirect HTTP/1.1" 404 728
127.0.0.1 - - [25/Jan/2020:11:10:32 +0530] "GET / HTTP/1.1" 404 709
0:0:0:0:0:0:0:1 - - [25/Jan/2020:11:10:50 +0530] "GET /webapp/redirect HTTP/1.1" 404 728
127.0.0.1 - - [25/Jan/2020:11:11:03 +0530] "GET / HTTP/1.1" 404 709
0:0:0:0:0:0:0:1 - - [25/Jan/2020:11:11:27 +0530] "GET /webapp/redirect HTTP/1.1" 302 -
127.0.0.1 - - [25/Jan/2020:11:49:01 +0530] "GET / HTTP/1.1" 404 709
0:0:0:0:0:0:0:1 - - [25/Jan/2020:11:51:30 +0530] "GET /webapp/createcookie HTTP/1.1" 200 51
127.0.0.1 - - [25/Jan/2020:12:11:12 +0530] "GET / HTTP/1.1" 404 709
0:0:0:0:0:0:0:1 - - [25/Jan/2020:12:11:28 +0530] "GET /webapp/read-cookie HTTP/1.1" 200 61
127.0.0.1 - - [25/Jan/2020:12:12:51 +0530] "GET / HTTP/1.1" 404 709
0:0:0:0:0:0:0:1 - - [25/Jan/2020:12:12:56 +0530] "GET /webapp/read-cookie HTTP/1.1" 200 61
0:0:0:0:0:0:0:1 - - [25/Jan/2020:12:13:16 +0530] "GET /webapp/createcookie HTTP/1.1" 200 51
0:0:0:0:0:0:0:1 - - [25/Jan/2020:12:13:34 +0530] "GET /webapp/read-cookie HTTP/1.1" 200 60
0:0:0:0:0:0:0:1 - - [25/Jan/2020:12:14:33 +0530] "GET /webapp/createcookie HTTP/1.1" 200 51
0:0:0:0:0:0:0:1 - - [25/Jan/2020:12:14:46 +0530] "GET /webapp/read-cookie HTTP/1.1" 200 112
0:0:0:0:0:0:0:1 - - [25/Jan/2020:13:05:12 +0530] "GET /webapp/createcookie HTTP/1.1" 200 51
0:0:0:0:0:0:0:1 - - [25/Jan/2020:13:05:24 +0530] "GET /webapp/read-cookie HTTP/1.1" 200 112
0:0:0:0:0:0:0:1 - - [25/Jan/2020:13:18:52 +0530] "GET /webapp/delete-cookie HTTP/1.1" 404 733
127.0.0.1 - - [25/Jan/2020:13:19:09 +0530] "GET / HTTP/1.1" 404 709
0:0:0:0:0:0:0:1 - - [25/Jan/2020:13:19:16 +0530] "GET /webapp/delete-cookie HTTP/1.1" 200 51
0:0:0:0:0:0:0:1 - - [25/Jan/2020:13:20:20 +0530] "GET /webapp/delete-cookie HTTP/1.1" 200 51
0:0:0:0:0:0:0:1 - - [25/Jan/2020:13:20:31 +0530] "GET /webapp/delete-cookie HTTP/1.1" 500 1384
127.0.0.1 - - [25/Jan/2020:13:21:34 +0530] "GET / HTTP/1.1" 404 709
0:0:0:0:0:0:0:1 - - [25/Jan/2020:13:21:40 +0530] "GET /webapp/delete-cookie HTTP/1.1" 200 51
127.0.0.1 - - [25/Jan/2020:13:22:36 +0530] "GET / HTTP/1.1" 404 709
0:0:0:0:0:0:0:1 - - [25/Jan/2020:13:22:50 +0530] "GET /webapp/delete-cookie HTTP/1.1" 200 -
127.0.0.1 - - [25/Jan/2020:13:47:32 +0530] "GET / HTTP/1.1" 404 709
0:0:0:0:0:0:0:1 - - [25/Jan/2020:13:47:50 +0530] "GET /webapp/add-attr HTTP/1.1" 200 66
0:0:0:0:0:0:0:1 - - [25/Jan/2020:13:48:06 +0530] "GET /webapp/get-attr HTTP/1.1" 200 45
0:0:0:0:0:0:0:1 - - [25/Jan/2020:13:50:38 +0530] "GET /webapp/get-attr HTTP/1.1" 200 45
127.0.0.1 - - [25/Jan/2020:14:14:54 +0530] "GET / HTTP/1.1" 404 709
0:0:0:0:0:0:0:1 - - [25/Jan/2020:14:15:09 +0530] "GET /webapp/add-app-attr HTTP/1.1" 200 57
0:0:0:0:0:0:0:1 - - [25/Jan/2020:14:15:18 +0530] "GET /webapp/get-app-attr HTTP/1.1" 200 57
127.0.0.1 - - [25/Jan/2020:14:40:50 +0530] "GET / HTTP/1.1" 404 709
0:0:0:0:0:0:0:1 - - [25/Jan/2020:14:41:30 +0530] "GET /webapp/login.html HTTP/1.1" 200 442
0:0:0:0:0:0:0:1 - - [25/Jan/2020:14:41:52 +0530] "POST /webapp/form HTTP/1.1" 200 168
0:0:0:0:0:0:0:1 - - [25/Jan/2020:14:42:41 +0530] "GET /webapp/login.html HTTP/1.1" 200 439
0:0:0:0:0:0:0:1 - - [25/Jan/2020:14:42:50 +0530] "POST /webapp/form HTTP/1.1" 200 169
0:0:0:0:0:0:0:1 - - [25/Jan/2020:14:44:52 +0530] "POST /webapp/form HTTP/1.1" 200 163
127.0.0.1 - - [25/Jan/2020:14:45:09 +0530] "GET / HTTP/1.1" 404 709
0:0:0:0:0:0:0:1 - - [25/Jan/2020:14:45:19 +0530] "POST /webapp/form HTTP/1.1" 200 165
0:0:0:0:0:0:0:1 - - [25/Jan/2020:14:45:41 +0530] "POST /webapp/form HTTP/1.1" 200 170
127.0.0.1 - - [25/Jan/2020:14:46:21 +0530] "GET / HTTP/1.1" 404 709
0:0:0:0:0:0:0:1 - - [25/Jan/2020:14:46:27 +0530] "GET /webapp/login.html HTTP/1.1" 200 409
0:0:0:0:0:0:0:1 - - [25/Jan/2020:14:46:38 +0530] "GET /webapp/login.html?email=magantinarendra3939%40gmail.com&password=Nare8978%40 HTTP/1.1" 200 409
0:0:0:0:0:0:0:1 - - [25/Jan/2020:14:46:41 +0530] "GET /webapp/login.html?email=&password= HTTP/1.1" 200 409
0:0:0:0:0:0:0:1 - - [25/Jan/2020:14:46:49 +0530] "GET /webapp/login.html?email=magantinarendra3939%40gmail.com&password=rgregr HTTP/1.1" 200 409
127.0.0.1 - - [25/Jan/2020:14:47:52 +0530] "GET / HTTP/1.1" 404 709
0:0:0:0:0:0:0:1 - - [25/Jan/2020:14:48:08 +0530] "GET /webapp/login.html HTTP/1.1" 200 439
0:0:0:0:0:0:0:1 - - [25/Jan/2020:14:48:17 +0530] "POST /login HTTP/1.1" 404 714
127.0.0.1 - - [25/Jan/2020:15:07:42 +0530] "GET / HTTP/1.1" 404 709
127.0.0.1 - - [25/Jan/2020:15:08:32 +0530] "GET / HTTP/1.1" 404 709
0:0:0:0:0:0:0:1 - - [25/Jan/2020:15:09:14 +0530] "GET /webapp/login.html HTTP/1.1" 200 446
0:0:0:0:0:0:0:1 - - [25/Jan/2020:15:09:31 +0530] "POST /webapp/login HTTP/1.1" 200 57
0:0:0:0:0:0:0:1 - - [25/Jan/2020:15:09:48 +0530] "GET /webapp/home HTTP/1.1" 200 54
0:0:0:0:0:0:0:1 - - [25/Jan/2020:15:09:58 +0530] "GET /webapp/home HTTP/1.1" 200 54
0:0:0:0:0:0:0:1 - - [25/Jan/2020:15:09:59 +0530] "GET /webapp/home HTTP/1.1" 200 54
0:0:0:0:0:0:0:1 - - [25/Jan/2020:15:10:00 +0530] "GET /webapp/home HTTP/1.1" 200 54
0:0:0:0:0:0:0:1 - - [25/Jan/2020:15:10:00 +0530] "GET /webapp/home HTTP/1.1" 200 54
0:0:0:0:0:0:0:1 - - [25/Jan/2020:15:10:16 +0530] "GET /login HTTP/1.1" 404 714
0:0:0:0:0:0:0:1 - - [25/Jan/2020:15:10:28 +0530] "GET /login.html HTTP/1.1" 404 719
0:0:0:0:0:0:0:1 - - [25/Jan/2020:15:10:38 +0530] "GET /webapp/login.html HTTP/1.1" 304 -
0:0:0:0:0:0:0:1 - - [25/Jan/2020:15:10:59 +0530] "POST /webapp/login HTTP/1.1" 200 60
0:0:0:0:0:0:0:1 - - [25/Jan/2020:15:25:10 +0530] "GET /webapp/home HTTP/1.1" 200 83
